// Jest Snapshot v1, https://goo.gl/fbAQLP

exports[`Login login component renders sucsessfully 1`] = `
Object {
  "asFragment": [Function],
  "baseElement": <body>
    <div>
      <div
        class="formContainer"
        name="Login"
      >
        <form
          class="form"
        >
          <p
            class="invalidCredentials"
            style="display: none;"
          >
            Wrong credentials
          </p>
          <div
            class="MuiFormControl-root MuiFormControl-marginDense MuiTextField-root css-4mzek5-MuiFormControl-root-MuiTextField-root"
          >
            <label
              class="MuiInputLabel-root MuiInputLabel-formControl MuiInputLabel-animated MuiInputLabel-sizeSmall MuiInputLabel-outlined MuiFormLabel-root MuiFormLabel-colorPrimary css-1pysi21-MuiFormLabel-root-MuiInputLabel-root"
              data-shrink="false"
            >
              User
            </label>
            <div
              class="MuiOutlinedInput-root MuiInputBase-root MuiInputBase-colorPrimary MuiInputBase-formControl MuiInputBase-sizeSmall css-9ddj71-MuiInputBase-root-MuiOutlinedInput-root"
            >
              <input
                aria-invalid="false"
                class="MuiOutlinedInput-input MuiInputBase-input MuiInputBase-inputSizeSmall css-1n4twyu-MuiInputBase-input-MuiOutlinedInput-input"
                data-testid="user-input"
                type="text"
                value=""
              />
              <fieldset
                aria-hidden="true"
                class="MuiOutlinedInput-notchedOutline css-1d3z3hw-MuiOutlinedInput-notchedOutline"
              >
                <legend
                  class="css-dhh0px"
                >
                  <span>
                    User
                  </span>
                </legend>
              </fieldset>
            </div>
            <p
              class="MuiFormHelperText-root MuiFormHelperText-sizeSmall MuiFormHelperText-contained css-k4qjio-MuiFormHelperText-root"
            >
              <span
                class="notranslate"
              >
                ​
              </span>
            </p>
          </div>
          <div
            class="MuiFormControl-root MuiFormControl-marginDense MuiTextField-root css-4mzek5-MuiFormControl-root-MuiTextField-root"
          >
            <label
              class="MuiInputLabel-root MuiInputLabel-formControl MuiInputLabel-animated MuiInputLabel-sizeSmall MuiInputLabel-outlined MuiFormLabel-root MuiFormLabel-colorPrimary css-1pysi21-MuiFormLabel-root-MuiInputLabel-root"
              data-shrink="false"
            >
              Password
            </label>
            <div
              class="MuiOutlinedInput-root MuiInputBase-root MuiInputBase-colorPrimary MuiInputBase-formControl MuiInputBase-sizeSmall css-9ddj71-MuiInputBase-root-MuiOutlinedInput-root"
            >
              <input
                aria-invalid="false"
                class="MuiOutlinedInput-input MuiInputBase-input MuiInputBase-inputSizeSmall css-1n4twyu-MuiInputBase-input-MuiOutlinedInput-input"
                data-testid="password-input"
                type="password"
                value=""
              />
              <fieldset
                aria-hidden="true"
                class="MuiOutlinedInput-notchedOutline css-1d3z3hw-MuiOutlinedInput-notchedOutline"
              >
                <legend
                  class="css-dhh0px"
                >
                  <span>
                    Password
                  </span>
                </legend>
              </fieldset>
            </div>
            <p
              class="MuiFormHelperText-root MuiFormHelperText-sizeSmall MuiFormHelperText-contained css-k4qjio-MuiFormHelperText-root"
            >
              <span
                class="notranslate"
              >
                ​
              </span>
            </p>
          </div>
          <button
            class="MuiButton-root MuiButton-text MuiButton-textPrimary MuiButton-sizeSmall MuiButton-textSizeSmall MuiButtonBase-root css-1knaqv7-MuiButtonBase-root-MuiButton-root"
            style="justify-content: left; font-size: 10px;"
            tabindex="0"
            type="button"
          >
            Forgot password
            <span
              class="MuiTouchRipple-root css-8je8zh-MuiTouchRipple-root"
            />
          </button>
          <div
            class="css-1m4faer-MuiStack-root"
            style="min-width: 70%;"
          >
            <button
              class="MuiButton-root MuiButton-contained MuiButton-containedPrimary MuiButton-sizeMedium MuiButton-containedSizeMedium MuiButtonBase-root css-sghohy-MuiButtonBase-root-MuiButton-root"
              data-testid="login-button"
              style="min-width: 50%;"
              tabindex="0"
              type="button"
            >
              Login
              <span
                class="MuiTouchRipple-root css-8je8zh-MuiTouchRipple-root"
              />
            </button>
            <button
              class="MuiButton-root MuiButton-outlined MuiButton-outlinedPrimary MuiButton-sizeMedium MuiButton-outlinedSizeMedium MuiButtonBase-root css-1rwt2y5-MuiButtonBase-root-MuiButton-root"
              style="max-width: 700px;"
              tabindex="0"
              type="button"
            >
              Register
              <span
                class="MuiTouchRipple-root css-8je8zh-MuiTouchRipple-root"
              />
            </button>
          </div>
        </form>
      </div>
    </div>
  </body>,
  "container": <div>
    <div
      class="formContainer"
      name="Login"
    >
      <form
        class="form"
      >
        <p
          class="invalidCredentials"
          style="display: none;"
        >
          Wrong credentials
        </p>
        <div
          class="MuiFormControl-root MuiFormControl-marginDense MuiTextField-root css-4mzek5-MuiFormControl-root-MuiTextField-root"
        >
          <label
            class="MuiInputLabel-root MuiInputLabel-formControl MuiInputLabel-animated MuiInputLabel-sizeSmall MuiInputLabel-outlined MuiFormLabel-root MuiFormLabel-colorPrimary css-1pysi21-MuiFormLabel-root-MuiInputLabel-root"
            data-shrink="false"
          >
            User
          </label>
          <div
            class="MuiOutlinedInput-root MuiInputBase-root MuiInputBase-colorPrimary MuiInputBase-formControl MuiInputBase-sizeSmall css-9ddj71-MuiInputBase-root-MuiOutlinedInput-root"
          >
            <input
              aria-invalid="false"
              class="MuiOutlinedInput-input MuiInputBase-input MuiInputBase-inputSizeSmall css-1n4twyu-MuiInputBase-input-MuiOutlinedInput-input"
              data-testid="user-input"
              type="text"
              value=""
            />
            <fieldset
              aria-hidden="true"
              class="MuiOutlinedInput-notchedOutline css-1d3z3hw-MuiOutlinedInput-notchedOutline"
            >
              <legend
                class="css-dhh0px"
              >
                <span>
                  User
                </span>
              </legend>
            </fieldset>
          </div>
          <p
            class="MuiFormHelperText-root MuiFormHelperText-sizeSmall MuiFormHelperText-contained css-k4qjio-MuiFormHelperText-root"
          >
            <span
              class="notranslate"
            >
              ​
            </span>
          </p>
        </div>
        <div
          class="MuiFormControl-root MuiFormControl-marginDense MuiTextField-root css-4mzek5-MuiFormControl-root-MuiTextField-root"
        >
          <label
            class="MuiInputLabel-root MuiInputLabel-formControl MuiInputLabel-animated MuiInputLabel-sizeSmall MuiInputLabel-outlined MuiFormLabel-root MuiFormLabel-colorPrimary css-1pysi21-MuiFormLabel-root-MuiInputLabel-root"
            data-shrink="false"
          >
            Password
          </label>
          <div
            class="MuiOutlinedInput-root MuiInputBase-root MuiInputBase-colorPrimary MuiInputBase-formControl MuiInputBase-sizeSmall css-9ddj71-MuiInputBase-root-MuiOutlinedInput-root"
          >
            <input
              aria-invalid="false"
              class="MuiOutlinedInput-input MuiInputBase-input MuiInputBase-inputSizeSmall css-1n4twyu-MuiInputBase-input-MuiOutlinedInput-input"
              data-testid="password-input"
              type="password"
              value=""
            />
            <fieldset
              aria-hidden="true"
              class="MuiOutlinedInput-notchedOutline css-1d3z3hw-MuiOutlinedInput-notchedOutline"
            >
              <legend
                class="css-dhh0px"
              >
                <span>
                  Password
                </span>
              </legend>
            </fieldset>
          </div>
          <p
            class="MuiFormHelperText-root MuiFormHelperText-sizeSmall MuiFormHelperText-contained css-k4qjio-MuiFormHelperText-root"
          >
            <span
              class="notranslate"
            >
              ​
            </span>
          </p>
        </div>
        <button
          class="MuiButton-root MuiButton-text MuiButton-textPrimary MuiButton-sizeSmall MuiButton-textSizeSmall MuiButtonBase-root css-1knaqv7-MuiButtonBase-root-MuiButton-root"
          style="justify-content: left; font-size: 10px;"
          tabindex="0"
          type="button"
        >
          Forgot password
          <span
            class="MuiTouchRipple-root css-8je8zh-MuiTouchRipple-root"
          />
        </button>
        <div
          class="css-1m4faer-MuiStack-root"
          style="min-width: 70%;"
        >
          <button
            class="MuiButton-root MuiButton-contained MuiButton-containedPrimary MuiButton-sizeMedium MuiButton-containedSizeMedium MuiButtonBase-root css-sghohy-MuiButtonBase-root-MuiButton-root"
            data-testid="login-button"
            style="min-width: 50%;"
            tabindex="0"
            type="button"
          >
            Login
            <span
              class="MuiTouchRipple-root css-8je8zh-MuiTouchRipple-root"
            />
          </button>
          <button
            class="MuiButton-root MuiButton-outlined MuiButton-outlinedPrimary MuiButton-sizeMedium MuiButton-outlinedSizeMedium MuiButtonBase-root css-1rwt2y5-MuiButtonBase-root-MuiButton-root"
            style="max-width: 700px;"
            tabindex="0"
            type="button"
          >
            Register
            <span
              class="MuiTouchRipple-root css-8je8zh-MuiTouchRipple-root"
            />
          </button>
        </div>
      </form>
    </div>
  </div>,
  "debug": [Function],
  "findAllByAltText": [Function],
  "findAllByDisplayValue": [Function],
  "findAllByLabelText": [Function],
  "findAllByPlaceholderText": [Function],
  "findAllByRole": [Function],
  "findAllByTestId": [Function],
  "findAllByText": [Function],
  "findAllByTitle": [Function],
  "findByAltText": [Function],
  "findByDisplayValue": [Function],
  "findByLabelText": [Function],
  "findByPlaceholderText": [Function],
  "findByRole": [Function],
  "findByTestId": [Function],
  "findByText": [Function],
  "findByTitle": [Function],
  "getAllByAltText": [Function],
  "getAllByDisplayValue": [Function],
  "getAllByLabelText": [Function],
  "getAllByPlaceholderText": [Function],
  "getAllByRole": [Function],
  "getAllByTestId": [Function],
  "getAllByText": [Function],
  "getAllByTitle": [Function],
  "getByAltText": [Function],
  "getByDisplayValue": [Function],
  "getByLabelText": [Function],
  "getByPlaceholderText": [Function],
  "getByRole": [Function],
  "getByTestId": [Function],
  "getByText": [Function],
  "getByTitle": [Function],
  "queryAllByAltText": [Function],
  "queryAllByDisplayValue": [Function],
  "queryAllByLabelText": [Function],
  "queryAllByPlaceholderText": [Function],
  "queryAllByRole": [Function],
  "queryAllByTestId": [Function],
  "queryAllByText": [Function],
  "queryAllByTitle": [Function],
  "queryByAltText": [Function],
  "queryByDisplayValue": [Function],
  "queryByLabelText": [Function],
  "queryByPlaceholderText": [Function],
  "queryByRole": [Function],
  "queryByTestId": [Function],
  "queryByText": [Function],
  "queryByTitle": [Function],
  "rerender": [Function],
  "unmount": [Function],
}
`;
